{
  "imports": [
    {
      "type": "ImportDeclaration",
      "start": 0,
      "end": 42,
      "source": {
        "type": "Literal",
        "start": 0,
        "end": 40,
        "value": "./counter.tml",
        "raw": "'./counter.tml'"
      }
    }
  ],
  "scripts": [
    {
      "type": "ProgramExpression",
      "start": 89,
      "end": 345,
      "source": {
        "type": "Program",
        "start": 0,
        "end": 239,
        "body": [
          {
            "type": "ImportDeclaration",
            "start": 3,
            "end": 35,
            "specifiers": [
              {
                "type": "ImportSpecifier",
                "start": 12,
                "end": 18,
                "imported": {
                  "type": "Identifier",
                  "start": 12,
                  "end": 18,
                  "name": "signal"
                },
                "local": {
                  "type": "Identifier",
                  "start": 12,
                  "end": 18,
                  "name": "signal"
                }
              }
            ],
            "source": {
              "type": "Literal",
              "start": 26,
              "end": 34,
              "value": "temple",
              "raw": "'temple'"
            }
          },
          {
            "type": "VariableDeclaration",
            "start": 41,
            "end": 75,
            "declarations": [
              {
                "type": "VariableDeclarator",
                "start": 45,
                "end": 74,
                "id": {
                  "type": "Identifier",
                  "start": 45,
                  "end": 50,
                  "name": "count"
                },
                "init": {
                  "type": "BinaryExpression",
                  "start": 53,
                  "end": 74,
                  "left": {
                    "type": "BinaryExpression",
                    "start": 53,
                    "end": 66,
                    "left": {
                      "type": "Identifier",
                      "start": 53,
                      "end": 59,
                      "name": "signal"
                    },
                    "operator": "<",
                    "right": {
                      "type": "Identifier",
                      "start": 60,
                      "end": 66,
                      "name": "number"
                    }
                  },
                  "operator": ">",
                  "right": {
                    "type": "Identifier",
                    "start": 68,
                    "end": 73,
                    "name": "value"
                  }
                }
              }
            ],
            "kind": "let"
          },
          {
            "type": "VariableDeclaration",
            "start": 78,
            "end": 103,
            "declarations": [
              {
                "type": "VariableDeclarator",
                "start": 84,
                "end": 102,
                "id": {
                  "type": "Identifier",
                  "start": 84,
                  "end": 86,
                  "name": "up"
                },
                "init": {
                  "type": "ArrowFunctionExpression",
                  "start": 89,
                  "end": 102,
                  "id": null,
                  "expression": true,
                  "generator": false,
                  "async": false,
                  "params": [],
                  "body": {
                    "type": "UpdateExpression",
                    "start": 95,
                    "end": 102,
                    "operator": "++",
                    "prefix": false,
                    "argument": {
                      "type": "Identifier",
                      "start": 95,
                      "end": 100,
                      "name": "count"
                    }
                  }
                }
              }
            ],
            "kind": "const"
          },
          {
            "type": "VariableDeclaration",
            "start": 106,
            "end": 133,
            "declarations": [
              {
                "type": "VariableDeclarator",
                "start": 112,
                "end": 132,
                "id": {
                  "type": "Identifier",
                  "start": 112,
                  "end": 116,
                  "name": "down"
                },
                "init": {
                  "type": "ArrowFunctionExpression",
                  "start": 119,
                  "end": 132,
                  "id": null,
                  "expression": true,
                  "generator": false,
                  "async": false,
                  "params": [],
                  "body": {
                    "type": "UpdateExpression",
                    "start": 125,
                    "end": 132,
                    "operator": "--",
                    "prefix": false,
                    "argument": {
                      "type": "Identifier",
                      "start": 125,
                      "end": 130,
                      "name": "count"
                    }
                  }
                }
              }
            ],
            "kind": "const"
          },
          {
            "type": "VariableDeclaration",
            "start": 137,
            "end": 167,
            "declarations": [
              {
                "type": "VariableDeclarator",
                "start": 141,
                "end": 166,
                "id": {
                  "type": "Identifier",
                  "start": 141,
                  "end": 146,
                  "name": "index"
                },
                "init": {
                  "type": "BinaryExpression",
                  "start": 149,
                  "end": 166,
                  "left": {
                    "type": "BinaryExpression",
                    "start": 149,
                    "end": 162,
                    "left": {
                      "type": "Identifier",
                      "start": 149,
                      "end": 155,
                      "name": "signal"
                    },
                    "operator": "<",
                    "right": {
                      "type": "Identifier",
                      "start": 156,
                      "end": 162,
                      "name": "number"
                    }
                  },
                  "operator": ">",
                  "right": {
                    "type": "Literal",
                    "start": 164,
                    "end": 165,
                    "value": 0,
                    "raw": "0"
                  }
                }
              }
            ],
            "kind": "let"
          },
          {
            "type": "VariableDeclaration",
            "start": 170,
            "end": 201,
            "declarations": [
              {
                "type": "VariableDeclarator",
                "start": 176,
                "end": 200,
                "id": {
                  "type": "Identifier",
                  "start": 176,
                  "end": 180,
                  "name": "list"
                },
                "init": {
                  "type": "ArrayExpression",
                  "start": 183,
                  "end": 200,
                  "elements": [
                    {
                      "type": "Literal",
                      "start": 185,
                      "end": 188,
                      "value": "a",
                      "raw": "'a'"
                    },
                    {
                      "type": "Literal",
                      "start": 190,
                      "end": 193,
                      "value": "b",
                      "raw": "'b'"
                    },
                    {
                      "type": "Literal",
                      "start": 195,
                      "end": 198,
                      "value": "c",
                      "raw": "'c'"
                    }
                  ]
                }
              }
            ],
            "kind": "const"
          },
          {
            "type": "VariableDeclaration",
            "start": 204,
            "end": 238,
            "declarations": [
              {
                "type": "VariableDeclarator",
                "start": 210,
                "end": 237,
                "id": {
                  "type": "Identifier",
                  "start": 210,
                  "end": 214,
                  "name": "hash"
                },
                "init": {
                  "type": "ObjectExpression",
                  "start": 217,
                  "end": 237,
                  "properties": [
                    {
                      "type": "Property",
                      "start": 219,
                      "end": 223,
                      "method": false,
                      "shorthand": false,
                      "computed": false,
                      "key": {
                        "type": "Identifier",
                        "start": 219,
                        "end": 220,
                        "name": "a"
                      },
                      "value": {
                        "type": "Literal",
                        "start": 222,
                        "end": 223,
                        "value": 1,
                        "raw": "1"
                      },
                      "kind": "init"
                    },
                    {
                      "type": "Property",
                      "start": 225,
                      "end": 229,
                      "method": false,
                      "shorthand": false,
                      "computed": false,
                      "key": {
                        "type": "Identifier",
                        "start": 225,
                        "end": 226,
                        "name": "b"
                      },
                      "value": {
                        "type": "Literal",
                        "start": 228,
                        "end": 229,
                        "value": 2,
                        "raw": "2"
                      },
                      "kind": "init"
                    },
                    {
                      "type": "Property",
                      "start": 231,
                      "end": 235,
                      "method": false,
                      "shorthand": false,
                      "computed": false,
                      "key": {
                        "type": "Identifier",
                        "start": 231,
                        "end": 232,
                        "name": "c"
                      },
                      "value": {
                        "type": "Literal",
                        "start": 234,
                        "end": 235,
                        "value": 3,
                        "raw": "3"
                      },
                      "kind": "init"
                    }
                  ]
                }
              }
            ],
            "kind": "const"
          }
        ],
        "sourceType": "module"
      }
    }
  ],
  "styles": [
    {
      "type": "StyleExpression",
      "start": 43,
      "end": 88,
      "source": "\n  :host { font-size: 21px; }\n"
    }
  ],
  "markup": [
    {
      "type": "MarkupExpression",
      "name": "div",
      "start": 347,
      "end": 381,
      "attributes": {
        "type": "ObjectExpression",
        "start": 347,
        "end": 366,
        "properties": [
          {
            "type": "Property",
            "kind": "init",
            "start": 352,
            "end": 366,
            "key": {
              "type": "Identifier",
              "start": 352,
              "end": 354,
              "name": "if"
            },
            "value": {
              "type": "Script",
              "start": 355,
              "end": 366,
              "value": {
                "type": "Program",
                "start": 9,
                "end": 18,
                "body": [
                  {
                    "type": "ExpressionStatement",
                    "start": 9,
                    "end": 18,
                    "expression": {
                      "type": "BinaryExpression",
                      "start": 9,
                      "end": 18,
                      "left": {
                        "type": "Identifier",
                        "start": 9,
                        "end": 14,
                        "name": "count"
                      },
                      "operator": ">",
                      "right": {
                        "type": "Literal",
                        "start": 17,
                        "end": 18,
                        "value": 0,
                        "raw": "0"
                      }
                    }
                  }
                ],
                "sourceType": "script"
              }
            },
            "method": false,
            "shorthand": false,
            "computed": false
          }
        ]
      },
      "children": [
        {
          "type": "Literal",
          "start": 367,
          "end": 375,
          "value": "+{count}",
          "raw": "'+{count}'"
        }
      ]
    },
    {
      "type": "Literal",
      "start": 381,
      "end": 382,
      "value": "\n",
      "raw": "'\n'"
    },
    {
      "type": "MarkupExpression",
      "name": "div",
      "start": 382,
      "end": 417,
      "attributes": {
        "type": "ObjectExpression",
        "start": 382,
        "end": 403,
        "properties": [
          {
            "type": "Property",
            "kind": "init",
            "start": 387,
            "end": 403,
            "key": {
              "type": "Identifier",
              "start": 387,
              "end": 391,
              "name": "elif"
            },
            "value": {
              "type": "Script",
              "start": 392,
              "end": 403,
              "value": {
                "type": "Program",
                "start": 11,
                "end": 20,
                "body": [
                  {
                    "type": "ExpressionStatement",
                    "start": 11,
                    "end": 20,
                    "expression": {
                      "type": "BinaryExpression",
                      "start": 11,
                      "end": 20,
                      "left": {
                        "type": "Identifier",
                        "start": 11,
                        "end": 16,
                        "name": "count"
                      },
                      "operator": "<",
                      "right": {
                        "type": "Literal",
                        "start": 19,
                        "end": 20,
                        "value": 0,
                        "raw": "0"
                      }
                    }
                  }
                ],
                "sourceType": "script"
              }
            },
            "method": false,
            "shorthand": false,
            "computed": false
          }
        ]
      },
      "children": [
        {
          "type": "Literal",
          "start": 404,
          "end": 411,
          "value": "{count}",
          "raw": "'{count}'"
        }
      ]
    },
    {
      "type": "Literal",
      "start": 417,
      "end": 418,
      "value": "\n",
      "raw": "'\n'"
    },
    {
      "type": "MarkupExpression",
      "name": "div",
      "start": 418,
      "end": 467,
      "attributes": {
        "type": "ObjectExpression",
        "start": 418,
        "end": 427,
        "properties": [
          {
            "type": "Property",
            "kind": "init",
            "start": 423,
            "end": 427,
            "key": {
              "type": "Identifier",
              "start": 423,
              "end": 427,
              "name": "else"
            },
            "value": {
              "type": "Literal",
              "start": 423,
              "end": 427,
              "value": true,
              "raw": "true"
            },
            "method": false,
            "shorthand": false,
            "computed": false
          }
        ]
      },
      "children": [
        {
          "type": "Literal",
          "start": 428,
          "end": 431,
          "value": "\n  ",
          "raw": "'\n  '"
        },
        {
          "type": "MarkupExpression",
          "name": "strong",
          "start": 431,
          "end": 460,
          "children": [
            {
              "type": "Literal",
              "start": 439,
              "end": 451,
              "value": "{`${count}`}",
              "raw": "'{`${count}`}'"
            }
          ]
        },
        {
          "type": "Literal",
          "start": 460,
          "end": 461,
          "value": "\n",
          "raw": "'\n'"
        }
      ]
    },
    {
      "type": "Literal",
      "start": 467,
      "end": 468,
      "value": "\n",
      "raw": "'\n'"
    },
    {
      "type": "MarkupExpression",
      "name": "button",
      "start": 468,
      "end": 503,
      "attributes": {
        "type": "ObjectExpression",
        "start": 468,
        "end": 486,
        "properties": [
          {
            "type": "Property",
            "kind": "init",
            "start": 476,
            "end": 486,
            "key": {
              "type": "Identifier",
              "start": 476,
              "end": 481,
              "name": "click"
            },
            "value": {
              "type": "Identifier",
              "start": 482,
              "end": 486,
              "name": "down"
            },
            "method": false,
            "shorthand": false,
            "computed": true
          }
        ]
      },
      "children": [
        {
          "type": "Literal",
          "start": 487,
          "end": 494,
          "value": "&minus;",
          "raw": "'&minus;'"
        }
      ]
    },
    {
      "type": "Literal",
      "start": 503,
      "end": 504,
      "value": "\n",
      "raw": "'\n'"
    },
    {
      "type": "MarkupExpression",
      "name": "button",
      "start": 504,
      "end": 536,
      "attributes": {
        "type": "ObjectExpression",
        "start": 504,
        "end": 520,
        "properties": [
          {
            "type": "Property",
            "kind": "init",
            "start": 512,
            "end": 520,
            "key": {
              "type": "Identifier",
              "start": 512,
              "end": 517,
              "name": "click"
            },
            "value": {
              "type": "Identifier",
              "start": 518,
              "end": 520,
              "name": "up"
            },
            "method": false,
            "shorthand": false,
            "computed": true
          }
        ]
      },
      "children": [
        {
          "type": "Literal",
          "start": 521,
          "end": 527,
          "value": "&plus;",
          "raw": "'&plus;'"
        }
      ]
    },
    {
      "type": "Literal",
      "start": 536,
      "end": 538,
      "value": "\n\n",
      "raw": "'\n\n'"
    },
    {
      "type": "MarkupExpression",
      "name": "hr",
      "start": 538,
      "end": 544
    },
    {
      "type": "Literal",
      "start": 544,
      "end": 546,
      "value": "\n\n",
      "raw": "'\n\n'"
    },
    {
      "type": "MarkupExpression",
      "name": "div",
      "start": 546,
      "end": 588,
      "attributes": {
        "type": "ObjectExpression",
        "start": 546,
        "end": 568,
        "properties": [
          {
            "type": "Property",
            "kind": "init",
            "start": 551,
            "end": 568,
            "key": {
              "type": "Identifier",
              "start": 551,
              "end": 556,
              "name": "while"
            },
            "value": {
              "type": "Script",
              "start": 557,
              "end": 568,
              "value": {
                "type": "Program",
                "start": 12,
                "end": 21,
                "body": [
                  {
                    "type": "ExpressionStatement",
                    "start": 12,
                    "end": 21,
                    "expression": {
                      "type": "BinaryExpression",
                      "start": 12,
                      "end": 21,
                      "left": {
                        "type": "Identifier",
                        "start": 12,
                        "end": 17,
                        "name": "index"
                      },
                      "operator": "<",
                      "right": {
                        "type": "Literal",
                        "start": 20,
                        "end": 21,
                        "value": 2,
                        "raw": "2"
                      }
                    }
                  }
                ],
                "sourceType": "script"
              }
            },
            "method": false,
            "shorthand": false,
            "computed": false
          }
        ]
      },
      "children": [
        {
          "type": "Literal",
          "start": 569,
          "end": 582,
          "value": "\n  {index++}\n",
          "raw": "'\n  {index++}\n'"
        }
      ]
    },
    {
      "type": "Literal",
      "start": 588,
      "end": 590,
      "value": "\n\n",
      "raw": "'\n\n'"
    },
    {
      "type": "MarkupExpression",
      "name": "hr",
      "start": 590,
      "end": 596
    },
    {
      "type": "Literal",
      "start": 596,
      "end": 598,
      "value": "\n\n",
      "raw": "'\n\n'"
    },
    {
      "type": "MarkupExpression",
      "name": "div",
      "start": 598,
      "end": 639,
      "attributes": {
        "type": "ObjectExpression",
        "start": 598,
        "end": 622,
        "properties": [
          {
            "type": "Property",
            "kind": "init",
            "start": 603,
            "end": 612,
            "key": {
              "type": "Identifier",
              "start": 603,
              "end": 607,
              "name": "each"
            },
            "value": {
              "type": "Identifier",
              "start": 608,
              "end": 612,
              "name": "item"
            },
            "method": false,
            "shorthand": false,
            "computed": true
          },
          {
            "type": "Property",
            "kind": "init",
            "start": 613,
            "end": 622,
            "key": {
              "type": "Identifier",
              "start": 613,
              "end": 617,
              "name": "from"
            },
            "value": {
              "type": "Identifier",
              "start": 618,
              "end": 622,
              "name": "list"
            },
            "method": false,
            "shorthand": false,
            "computed": true
          }
        ]
      },
      "children": [
        {
          "type": "Literal",
          "start": 623,
          "end": 633,
          "value": "\n  {item}\n",
          "raw": "'\n  {item}\n'"
        }
      ]
    },
    {
      "type": "Literal",
      "start": 639,
      "end": 640,
      "value": "\n",
      "raw": "'\n'"
    },
    {
      "type": "MarkupExpression",
      "name": "div",
      "start": 640,
      "end": 689,
      "attributes": {
        "type": "ObjectExpression",
        "start": 640,
        "end": 669,
        "properties": [
          {
            "type": "Property",
            "kind": "init",
            "start": 645,
            "end": 659,
            "key": {
              "type": "Identifier",
              "start": 645,
              "end": 649,
              "name": "each"
            },
            "value": {
              "type": "ArrayExpression",
              "start": 650,
              "end": 659,
              "elements": [
                {
                  "type": "Identifier",
                  "start": 11,
                  "end": 12,
                  "name": "i"
                },
                {
                  "type": "Identifier",
                  "start": 14,
                  "end": 18,
                  "name": "item"
                }
              ]
            },
            "method": false,
            "shorthand": false,
            "computed": false
          },
          {
            "type": "Property",
            "kind": "init",
            "start": 660,
            "end": 669,
            "key": {
              "type": "Identifier",
              "start": 660,
              "end": 664,
              "name": "from"
            },
            "value": {
              "type": "Identifier",
              "start": 665,
              "end": 669,
              "name": "list"
            },
            "method": false,
            "shorthand": false,
            "computed": true
          }
        ]
      },
      "children": [
        {
          "type": "Literal",
          "start": 670,
          "end": 683,
          "value": "\n  {item}{i}\n",
          "raw": "'\n  {item}{i}\n'"
        }
      ]
    },
    {
      "type": "Literal",
      "start": 689,
      "end": 690,
      "value": "\n",
      "raw": "'\n'"
    },
    {
      "type": "MarkupExpression",
      "name": "div",
      "start": 690,
      "end": 727,
      "attributes": {
        "type": "ObjectExpression",
        "start": 690,
        "end": 713,
        "properties": [
          {
            "type": "Property",
            "kind": "init",
            "start": 695,
            "end": 703,
            "key": {
              "type": "Identifier",
              "start": 695,
              "end": 699,
              "name": "each"
            },
            "value": {
              "type": "ArrayExpression",
              "start": 700,
              "end": 703,
              "elements": [
                {
                  "type": "Identifier",
                  "start": 11,
                  "end": 12,
                  "name": "i"
                }
              ]
            },
            "method": false,
            "shorthand": false,
            "computed": false
          },
          {
            "type": "Property",
            "kind": "init",
            "start": 704,
            "end": 713,
            "key": {
              "type": "Identifier",
              "start": 704,
              "end": 708,
              "name": "from"
            },
            "value": {
              "type": "Identifier",
              "start": 709,
              "end": 713,
              "name": "list"
            },
            "method": false,
            "shorthand": false,
            "computed": true
          }
        ]
      },
      "children": [
        {
          "type": "Literal",
          "start": 714,
          "end": 721,
          "value": "\n  {i}\n",
          "raw": "'\n  {i}\n'"
        }
      ]
    },
    {
      "type": "Literal",
      "start": 727,
      "end": 729,
      "value": "\n\n",
      "raw": "'\n\n'"
    },
    {
      "type": "MarkupExpression",
      "name": "hr",
      "start": 729,
      "end": 735
    },
    {
      "type": "Literal",
      "start": 735,
      "end": 737,
      "value": "\n\n",
      "raw": "'\n\n'"
    },
    {
      "type": "MarkupExpression",
      "name": "div",
      "start": 737,
      "end": 780,
      "attributes": {
        "type": "ObjectExpression",
        "start": 737,
        "end": 762,
        "properties": [
          {
            "type": "Property",
            "kind": "init",
            "start": 742,
            "end": 752,
            "key": {
              "type": "Identifier",
              "start": 742,
              "end": 746,
              "name": "each"
            },
            "value": {
              "type": "Identifier",
              "start": 747,
              "end": 752,
              "name": "value"
            },
            "method": false,
            "shorthand": false,
            "computed": true
          },
          {
            "type": "Property",
            "kind": "init",
            "start": 753,
            "end": 762,
            "key": {
              "type": "Identifier",
              "start": 753,
              "end": 757,
              "name": "from"
            },
            "value": {
              "type": "Identifier",
              "start": 758,
              "end": 762,
              "name": "hash"
            },
            "method": false,
            "shorthand": false,
            "computed": true
          }
        ]
      },
      "children": [
        {
          "type": "Literal",
          "start": 763,
          "end": 774,
          "value": "\n  {value}\n",
          "raw": "'\n  {value}\n'"
        }
      ]
    },
    {
      "type": "Literal",
      "start": 780,
      "end": 781,
      "value": "\n",
      "raw": "'\n'"
    },
    {
      "type": "MarkupExpression",
      "name": "div",
      "start": 781,
      "end": 836,
      "attributes": {
        "type": "ObjectExpression",
        "start": 781,
        "end": 813,
        "properties": [
          {
            "type": "Property",
            "kind": "init",
            "start": 786,
            "end": 803,
            "key": {
              "type": "Identifier",
              "start": 786,
              "end": 790,
              "name": "each"
            },
            "value": {
              "type": "ArrayExpression",
              "start": 791,
              "end": 803,
              "elements": [
                {
                  "type": "Identifier",
                  "start": 11,
                  "end": 14,
                  "name": "key"
                },
                {
                  "type": "Identifier",
                  "start": 16,
                  "end": 21,
                  "name": "value"
                }
              ]
            },
            "method": false,
            "shorthand": false,
            "computed": false
          },
          {
            "type": "Property",
            "kind": "init",
            "start": 804,
            "end": 813,
            "key": {
              "type": "Identifier",
              "start": 804,
              "end": 808,
              "name": "from"
            },
            "value": {
              "type": "Identifier",
              "start": 809,
              "end": 813,
              "name": "hash"
            },
            "method": false,
            "shorthand": false,
            "computed": true
          }
        ]
      },
      "children": [
        {
          "type": "Literal",
          "start": 814,
          "end": 830,
          "value": "\n  {value}{key}\n",
          "raw": "'\n  {value}{key}\n'"
        }
      ]
    },
    {
      "type": "Literal",
      "start": 836,
      "end": 837,
      "value": "\n",
      "raw": "'\n'"
    },
    {
      "type": "MarkupExpression",
      "name": "div",
      "start": 837,
      "end": 878,
      "attributes": {
        "type": "ObjectExpression",
        "start": 837,
        "end": 862,
        "properties": [
          {
            "type": "Property",
            "kind": "init",
            "start": 842,
            "end": 852,
            "key": {
              "type": "Identifier",
              "start": 842,
              "end": 846,
              "name": "each"
            },
            "value": {
              "type": "ArrayExpression",
              "start": 847,
              "end": 852,
              "elements": [
                {
                  "type": "Identifier",
                  "start": 11,
                  "end": 14,
                  "name": "key"
                }
              ]
            },
            "method": false,
            "shorthand": false,
            "computed": false
          },
          {
            "type": "Property",
            "kind": "init",
            "start": 853,
            "end": 862,
            "key": {
              "type": "Identifier",
              "start": 853,
              "end": 857,
              "name": "from"
            },
            "value": {
              "type": "Identifier",
              "start": 858,
              "end": 862,
              "name": "hash"
            },
            "method": false,
            "shorthand": false,
            "computed": true
          }
        ]
      },
      "children": [
        {
          "type": "Literal",
          "start": 863,
          "end": 872,
          "value": "\n  {key}\n",
          "raw": "'\n  {key}\n'"
        }
      ]
    }
  ]
}